[-1785465630588487680.000s] DEBUG:colcon:Command line arguments: ['/usr/bin/colcon', 'build']
[-1785465630588487680.000s] DEBUG:colcon:Parsed command line arguments: Namespace(log_base=None, log_level=None, verb_name='build', build_base='build', install_base='install', merge_install=False, symlink_install=False, test_result_base=None, continue_on_error=False, executor='parallel', parallel_workers=20, event_handlers=None, ignore_user_meta=False, metas=['./colcon.meta'], base_paths=['.'], packages_ignore=None, packages_ignore_regex=None, paths=None, packages_up_to=None, packages_up_to_regex=None, packages_above=None, packages_above_and_dependencies=None, packages_above_depth=None, packages_select_by_dep=None, packages_skip_by_dep=None, packages_skip_up_to=None, packages_select_build_failed=False, packages_skip_build_finished=False, packages_select_test_failures=False, packages_skip_test_passed=False, packages_select=None, packages_skip=None, packages_select_regex=None, packages_skip_regex=None, packages_start=None, packages_end=None, cmake_args=None, cmake_target=None, cmake_target_skip_unavailable=False, cmake_clean_cache=False, cmake_clean_first=False, cmake_force_configure=False, ament_cmake_args=None, catkin_cmake_args=None, catkin_skip_building_tests=False, verb_parser=<colcon_defaults.argument_parser.defaults.DefaultArgumentsDecorator object at 0x7fb6d74f9810>, verb_extension=<colcon_core.verb.build.BuildVerb object at 0x7fb6d7504ad0>, main=<bound method BuildVerb.main of <colcon_core.verb.build.BuildVerb object at 0x7fb6d7504ad0>>)
[-1785465630588487680.000s] Level 1:colcon.colcon_core.package_discovery:discover_packages(colcon_meta) check parameters
[-1785465630588487680.000s] Level 1:colcon.colcon_core.package_discovery:discover_packages(recursive) check parameters
[-1785465630588487680.000s] Level 1:colcon.colcon_core.package_discovery:discover_packages(ignore) check parameters
[-1785465630588487680.000s] Level 1:colcon.colcon_core.package_discovery:discover_packages(path) check parameters
[-1785465630588487680.000s] Level 1:colcon.colcon_core.package_discovery:discover_packages(colcon_meta) discover
[-1785465630588487680.000s] Level 1:colcon.colcon_core.package_discovery:discover_packages(recursive) discover
[-1785465630588487680.000s] INFO:colcon.colcon_core.package_discovery:Crawling recursively for packages in '/workspace/ros_ws'
[-1785465630588487680.000s] Level 1:colcon.colcon_core.package_identification:_identify(.) by extensions ['ignore', 'ignore_ament_install']
[-1785465630588487680.000s] Level 1:colcon.colcon_core.package_identification:_identify(.) by extension 'ignore'
[-1785465630588487680.000s] Level 1:colcon.colcon_core.package_identification:_identify(.) by extension 'ignore_ament_install'
[-1785465630588487680.000s] Level 1:colcon.colcon_core.package_identification:_identify(.) by extensions ['colcon_pkg']
[-1785465630588487680.000s] Level 1:colcon.colcon_core.package_identification:_identify(.) by extension 'colcon_pkg'
[-1785465630588487680.000s] Level 1:colcon.colcon_core.package_identification:_identify(.) by extensions ['colcon_meta']
[-1785465630588487680.000s] Level 1:colcon.colcon_core.package_identification:_identify(.) by extension 'colcon_meta'
[-1785465630588487680.000s] Level 1:colcon.colcon_core.package_identification:_identify(.) by extensions ['ros']
[-1785465630588487680.000s] Level 1:colcon.colcon_core.package_identification:_identify(.) by extension 'ros'
[-1785465630588487680.000s] Level 1:colcon.colcon_core.package_identification:_identify(.) by extensions ['cmake', 'python']
[-1785465630588487680.000s] Level 1:colcon.colcon_core.package_identification:_identify(.) by extension 'cmake'
[-1785465630588487680.000s] Level 1:colcon.colcon_core.package_identification:_identify(.) by extension 'python'
[-1785465630588487680.000s] Level 1:colcon.colcon_core.package_identification:_identify(.) by extensions ['python_setup_py']
[-1785465630588487680.000s] Level 1:colcon.colcon_core.package_identification:_identify(.) by extension 'python_setup_py'
[-1785465630588487680.000s] Level 1:colcon.colcon_core.package_identification:_identify(build) by extensions ['ignore', 'ignore_ament_install']
[-1785465630588487680.000s] Level 1:colcon.colcon_core.package_identification:_identify(build) by extension 'ignore'
[-1785465630588487680.000s] Level 1:colcon.colcon_core.package_identification:_identify(build) ignored
[-1785465630588487680.000s] Level 1:colcon.colcon_core.package_identification:_identify(install) by extensions ['ignore', 'ignore_ament_install']
[-1785465630588487680.000s] Level 1:colcon.colcon_core.package_identification:_identify(install) by extension 'ignore'
[-1785465630588487680.000s] Level 1:colcon.colcon_core.package_identification:_identify(install) ignored
[-1785465630588487680.000s] Level 1:colcon.colcon_core.package_identification:_identify(log) by extensions ['ignore', 'ignore_ament_install']
[-1785465630588487680.000s] Level 1:colcon.colcon_core.package_identification:_identify(log) by extension 'ignore'
[-1785465630588487680.000s] Level 1:colcon.colcon_core.package_identification:_identify(log) ignored
[-1785465630588487680.000s] Level 1:colcon.colcon_core.package_identification:_identify(src) by extensions ['ignore', 'ignore_ament_install']
[-1785465630588487680.000s] Level 1:colcon.colcon_core.package_identification:_identify(src) by extension 'ignore'
[-1785465630588487680.000s] Level 1:colcon.colcon_core.package_identification:_identify(src) by extension 'ignore_ament_install'
[-1785465630588487680.000s] Level 1:colcon.colcon_core.package_identification:_identify(src) by extensions ['colcon_pkg']
[-1785465630588487680.000s] Level 1:colcon.colcon_core.package_identification:_identify(src) by extension 'colcon_pkg'
[-1785465630588487680.000s] Level 1:colcon.colcon_core.package_identification:_identify(src) by extensions ['colcon_meta']
[-1785465630588487680.000s] Level 1:colcon.colcon_core.package_identification:_identify(src) by extension 'colcon_meta'
[-1785465630588487680.000s] Level 1:colcon.colcon_core.package_identification:_identify(src) by extensions ['ros']
[-1785465630588487680.000s] Level 1:colcon.colcon_core.package_identification:_identify(src) by extension 'ros'
[-1785465630588487680.000s] Level 1:colcon.colcon_core.package_identification:_identify(src) by extensions ['cmake', 'python']
[-1785465630588487680.000s] Level 1:colcon.colcon_core.package_identification:_identify(src) by extension 'cmake'
[-1785465630588487680.000s] Level 1:colcon.colcon_core.package_identification:_identify(src) by extension 'python'
[-1785465630588487680.000s] Level 1:colcon.colcon_core.package_identification:_identify(src) by extensions ['python_setup_py']
[-1785465630588487680.000s] Level 1:colcon.colcon_core.package_identification:_identify(src) by extension 'python_setup_py'
[-1785465630588487680.000s] Level 1:colcon.colcon_core.package_identification:_identify(src/follow_me) by extensions ['ignore', 'ignore_ament_install']
[-1785465630588487680.000s] Level 1:colcon.colcon_core.package_identification:_identify(src/follow_me) by extension 'ignore'
[-1785465630588487680.000s] Level 1:colcon.colcon_core.package_identification:_identify(src/follow_me) by extension 'ignore_ament_install'
[-1785465630588487680.000s] Level 1:colcon.colcon_core.package_identification:_identify(src/follow_me) by extensions ['colcon_pkg']
[-1785465630588487680.000s] Level 1:colcon.colcon_core.package_identification:_identify(src/follow_me) by extension 'colcon_pkg'
[-1785465630588487680.000s] Level 1:colcon.colcon_core.package_identification:_identify(src/follow_me) by extensions ['colcon_meta']
[-1785465630588487680.000s] Level 1:colcon.colcon_core.package_identification:_identify(src/follow_me) by extension 'colcon_meta'
[-1785465630588487680.000s] Level 1:colcon.colcon_core.package_identification:_identify(src/follow_me) by extensions ['ros']
[-1785465630588487680.000s] Level 1:colcon.colcon_core.package_identification:_identify(src/follow_me) by extension 'ros'
[-1785465630588487680.000s] DEBUG:colcon.colcon_core.package_identification:Package 'src/follow_me' with type 'ros.ament_cmake' and name 'follow_me'
[-1785465630588487680.000s] Level 1:colcon.colcon_core.package_discovery:discover_packages(recursive) using defaults
[-1785465630588487680.000s] Level 1:colcon.colcon_core.package_discovery:discover_packages(ignore) discover
[-1785465630588487680.000s] Level 1:colcon.colcon_core.package_discovery:discover_packages(ignore) using defaults
[-1785465630588487680.000s] Level 1:colcon.colcon_core.package_discovery:discover_packages(path) discover
[-1785465630588487680.000s] Level 1:colcon.colcon_core.package_discovery:discover_packages(path) using defaults
[-1785465630588487680.000s] Level 5:colcon.colcon_core.verb:set package 'follow_me' build argument 'cmake_args' from command line to 'None'
[-1785465630588487680.000s] Level 5:colcon.colcon_core.verb:set package 'follow_me' build argument 'cmake_target' from command line to 'None'
[-1785465630588487680.000s] Level 5:colcon.colcon_core.verb:set package 'follow_me' build argument 'cmake_target_skip_unavailable' from command line to 'False'
[-1785465630588487680.000s] Level 5:colcon.colcon_core.verb:set package 'follow_me' build argument 'cmake_clean_cache' from command line to 'False'
[-1785465630588487680.000s] Level 5:colcon.colcon_core.verb:set package 'follow_me' build argument 'cmake_clean_first' from command line to 'False'
[-1785465630588487680.000s] Level 5:colcon.colcon_core.verb:set package 'follow_me' build argument 'cmake_force_configure' from command line to 'False'
[-1785465630588487680.000s] Level 5:colcon.colcon_core.verb:set package 'follow_me' build argument 'ament_cmake_args' from command line to 'None'
[-1785465630588487680.000s] Level 5:colcon.colcon_core.verb:set package 'follow_me' build argument 'catkin_cmake_args' from command line to 'None'
[-1785465630588487680.000s] Level 5:colcon.colcon_core.verb:set package 'follow_me' build argument 'catkin_skip_building_tests' from command line to 'False'
[-1785465630588487680.000s] DEBUG:colcon.colcon_core.verb:Building package 'follow_me' with the following arguments: {'ament_cmake_args': None, 'build_base': '/workspace/ros_ws/build/follow_me', 'catkin_cmake_args': None, 'catkin_skip_building_tests': False, 'cmake_args': None, 'cmake_clean_cache': False, 'cmake_clean_first': False, 'cmake_force_configure': False, 'cmake_target': None, 'cmake_target_skip_unavailable': False, 'install_base': '/workspace/ros_ws/install/follow_me', 'merge_install': False, 'path': '/workspace/ros_ws/src/follow_me', 'symlink_install': False, 'test_result_base': None}
[-1785465630588487680.000s] INFO:colcon.colcon_core.executor:Executing jobs using 'parallel' executor
[-1785465630588487680.000s] DEBUG:colcon.colcon_parallel_executor.executor.parallel:run_until_complete
[-1785465630588487680.000s] INFO:colcon.colcon_ros.task.ament_cmake.build:Building ROS package in '/workspace/ros_ws/src/follow_me' with build type 'ament_cmake'
[-1785465630588487680.000s] INFO:colcon.colcon_cmake.task.cmake.build:Building CMake package in '/workspace/ros_ws/src/follow_me'
[-1785465630588487680.000s] INFO:colcon.colcon_core.plugin_system:Skipping extension 'colcon_core.shell.bat': Not used on non-Windows systems
[-1785465630588487680.000s] DEBUG:colcon.colcon_core.shell:Skip shell extension 'dsv' for command environment
[-1785465630588487680.000s] DEBUG:colcon.colcon_core.event_handler.log_command:Invoking command in '/workspace/ros_ws/build/follow_me': CMAKE_PREFIX_PATH=${CMAKE_PREFIX_PATH}:/opt/ros/lyrical /usr/bin/cmake /workspace/ros_ws/src/follow_me -DCMAKE_INSTALL_PREFIX=/workspace/ros_ws/install/follow_me
[-1785465630588487680.000s] DEBUG:colcon.colcon_core.event_handler.log_command:Invoked command in '/workspace/ros_ws/build/follow_me' returned '0': CMAKE_PREFIX_PATH=${CMAKE_PREFIX_PATH}:/opt/ros/lyrical /usr/bin/cmake /workspace/ros_ws/src/follow_me -DCMAKE_INSTALL_PREFIX=/workspace/ros_ws/install/follow_me
[-1785465630588487680.000s] DEBUG:colcon.colcon_core.event_handler.log_command:Invoking command in '/workspace/ros_ws/build/follow_me': CMAKE_PREFIX_PATH=${CMAKE_PREFIX_PATH}:/opt/ros/lyrical /usr/bin/cmake --build /workspace/ros_ws/build/follow_me -- -j20 -l20
[-1785465630588487680.000s] DEBUG:colcon.colcon_core.event_handler.log_command:Invoked command in '/workspace/ros_ws/build/follow_me' returned '0': CMAKE_PREFIX_PATH=${CMAKE_PREFIX_PATH}:/opt/ros/lyrical /usr/bin/cmake --build /workspace/ros_ws/build/follow_me -- -j20 -l20
[-1785465630588487680.000s] DEBUG:colcon.colcon_core.event_handler.log_command:Invoking command in '/workspace/ros_ws/build/follow_me': CMAKE_PREFIX_PATH=${CMAKE_PREFIX_PATH}:/opt/ros/lyrical /usr/bin/cmake --install /workspace/ros_ws/build/follow_me
[-1785465630588487680.000s] Level 1:colcon.colcon_core.environment:create_environment_scripts_only(follow_me)
[-1785465630588487680.000s] DEBUG:colcon.colcon_core.event_handler.log_command:Invoked command in '/workspace/ros_ws/build/follow_me' returned '0': CMAKE_PREFIX_PATH=${CMAKE_PREFIX_PATH}:/opt/ros/lyrical /usr/bin/cmake --install /workspace/ros_ws/build/follow_me
[-1785465630588487680.000s] Level 1:colcon.colcon_core.environment:checking '/workspace/ros_ws/install/follow_me' for CMake module files
[-1785465630588487680.000s] Level 1:colcon.colcon_core.environment:checking '/workspace/ros_ws/install/follow_me' for CMake config files
[-1785465630588487680.000s] Level 1:colcon.colcon_core.shell:create_environment_hook('follow_me', 'cmake_prefix_path')
[-1785465630588487680.000s] INFO:colcon.colcon_core.shell:Creating environment descriptor '/workspace/ros_ws/install/follow_me/share/follow_me/hook/cmake_prefix_path.dsv'
[-1785465630588487680.000s] INFO:colcon.colcon_core.shell:Creating environment hook '/workspace/ros_ws/install/follow_me/share/follow_me/hook/cmake_prefix_path.sh'
[-1785465630588487680.000s] Level 1:colcon.colcon_core.environment:checking '/workspace/ros_ws/install/follow_me/bin'
[-1785465630588487680.000s] Level 1:colcon.colcon_core.environment:checking '/workspace/ros_ws/install/follow_me/lib/pkgconfig/follow_me.pc'
[-1785465630588487680.000s] Level 1:colcon.colcon_core.environment:checking '/workspace/ros_ws/install/follow_me/lib/python3.14/site-packages'
[-1785465630588487680.000s] Level 1:colcon.colcon_core.environment:checking '/workspace/ros_ws/install/follow_me/bin'
[-1785465630588487680.000s] INFO:colcon.colcon_core.shell:Creating package descriptor '/workspace/ros_ws/install/follow_me/share/follow_me/package.dsv'
[-1785465630588487680.000s] INFO:colcon.colcon_core.shell:Creating package script '/workspace/ros_ws/install/follow_me/share/follow_me/package.sh'
[-1785465630588487680.000s] INFO:colcon.colcon_core.shell:Creating package script '/workspace/ros_ws/install/follow_me/share/follow_me/package.bash'
[-1785465630588487680.000s] INFO:colcon.colcon_core.shell:Creating package script '/workspace/ros_ws/install/follow_me/share/follow_me/package.zsh'
[-1785465630588487680.000s] Level 1:colcon.colcon_core.environment:create_file_with_runtime_dependencies(/workspace/ros_ws/install/follow_me/share/colcon-core/packages/follow_me)
[-1785465630588487680.000s] Level 1:colcon.colcon_core.environment:create_environment_scripts_only(follow_me)
[-1785465630588487680.000s] Level 1:colcon.colcon_core.environment:checking '/workspace/ros_ws/install/follow_me' for CMake module files
[-1785465630588487680.000s] Level 1:colcon.colcon_core.environment:checking '/workspace/ros_ws/install/follow_me' for CMake config files
[-1785465630588487680.000s] Level 1:colcon.colcon_core.shell:create_environment_hook('follow_me', 'cmake_prefix_path')
[-1785465630588487680.000s] INFO:colcon.colcon_core.shell:Creating environment descriptor '/workspace/ros_ws/install/follow_me/share/follow_me/hook/cmake_prefix_path.dsv'
[-1785465630588487680.000s] INFO:colcon.colcon_core.shell:Creating environment hook '/workspace/ros_ws/install/follow_me/share/follow_me/hook/cmake_prefix_path.sh'
[-1785465630588487680.000s] Level 1:colcon.colcon_core.environment:checking '/workspace/ros_ws/install/follow_me/bin'
[-1785465630588487680.000s] Level 1:colcon.colcon_core.environment:checking '/workspace/ros_ws/install/follow_me/lib/pkgconfig/follow_me.pc'
[-1785465630588487680.000s] Level 1:colcon.colcon_core.environment:checking '/workspace/ros_ws/install/follow_me/lib/python3.14/site-packages'
[-1785465630588487680.000s] Level 1:colcon.colcon_core.environment:checking '/workspace/ros_ws/install/follow_me/bin'
[-1785465630588487680.000s] INFO:colcon.colcon_core.shell:Creating package descriptor '/workspace/ros_ws/install/follow_me/share/follow_me/package.dsv'
[-1785465630588487680.000s] INFO:colcon.colcon_core.shell:Creating package script '/workspace/ros_ws/install/follow_me/share/follow_me/package.sh'
[-1785465630588487680.000s] INFO:colcon.colcon_core.shell:Creating package script '/workspace/ros_ws/install/follow_me/share/follow_me/package.bash'
[-1785465630588487680.000s] INFO:colcon.colcon_core.shell:Creating package script '/workspace/ros_ws/install/follow_me/share/follow_me/package.zsh'
[-1785465630588487680.000s] Level 1:colcon.colcon_core.environment:create_file_with_runtime_dependencies(/workspace/ros_ws/install/follow_me/share/colcon-core/packages/follow_me)
[-1785465630588487680.000s] DEBUG:colcon.colcon_parallel_executor.executor.parallel:closing loop
[-1785465630588487680.000s] DEBUG:colcon.colcon_parallel_executor.executor.parallel:loop closed
[-1785465630588487680.000s] DEBUG:colcon.colcon_parallel_executor.executor.parallel:run_until_complete finished with '0'
[-1785465630588487680.000s] DEBUG:colcon.colcon_core.event_reactor:joining thread
[-1785465630588487680.000s] INFO:colcon.colcon_core.plugin_system:Skipping extension 'colcon_notification.desktop_notification.notify_send': Could not find 'notify-send'
[-1785465630588487680.000s] INFO:colcon.colcon_core.plugin_system:Skipping extension 'colcon_notification.desktop_notification.terminal_notifier': Not used on non-Darwin systems
[-1785465630588487680.000s] INFO:colcon.colcon_core.plugin_system:Skipping extension 'colcon_notification.desktop_notification.win32': Not used on non-Windows systems
[-1785465630588487680.000s] INFO:colcon.colcon_notification.desktop_notification:Sending desktop notification using 'notify2'
[-1785465630588487680.000s] DEBUG:colcon.colcon_notification.desktop_notification.notify2:Failed to initialize notify2: org.freedesktop.DBus.Error.NotSupported: Unable to autolaunch a dbus-daemon without a $DISPLAY for X11
[-1785465630588487680.000s] DEBUG:colcon.colcon_core.event_reactor:joined thread
[-1785465630588487680.000s] INFO:colcon.colcon_core.shell:Creating prefix script '/workspace/ros_ws/install/local_setup.sh'
[-1785465630588487680.000s] INFO:colcon.colcon_core.shell:Creating prefix util module '/workspace/ros_ws/install/_local_setup_util_sh.py'
[-1785465630588487680.000s] INFO:colcon.colcon_core.shell:Creating prefix chain script '/workspace/ros_ws/install/setup.sh'
[-1785465630588487680.000s] INFO:colcon.colcon_core.shell:Creating prefix script '/workspace/ros_ws/install/local_setup.bash'
[-1785465630588487680.000s] INFO:colcon.colcon_core.shell:Creating prefix chain script '/workspace/ros_ws/install/setup.bash'
[-1785465630588487680.000s] INFO:colcon.colcon_core.shell:Creating prefix script '/workspace/ros_ws/install/local_setup.zsh'
[-1785465630588487680.000s] INFO:colcon.colcon_core.shell:Creating prefix chain script '/workspace/ros_ws/install/setup.zsh'
