-- The C compiler identification is GNU 15.2.0
-- The CXX compiler identification is GNU 15.2.0
-- Detecting C compiler ABI info
-- Detecting C compiler ABI info - done
-- Check for working C compiler: /usr/bin/cc - skipped
-- Detecting C compile features
-- Detecting C compile features - done
-- Detecting CXX compiler ABI info
-- Detecting CXX compiler ABI info - done
-- Check for working CXX compiler: /usr/bin/c++ - skipped
-- Detecting CXX compile features
-- Detecting CXX compile features - done
-- Found ament_cmake: 2.8.7 (/opt/ros/lyrical/share/ament_cmake/cmake)
-- Found ament_lint_auto: 0.20.6 (/opt/ros/lyrical/share/ament_lint_auto/cmake)
-- Added test 'lint_cmake' to check CMake code style
-- Added test 'xmllint' to check XML markup files
-- Configuring done (0.5s)
-- Generating done (0.0s)
-- Build files have been written to: /workspace/ros_ws/build/follow_me
-- Install configuration: ""
-- Installing: /workspace/ros_ws/install/follow_me/share/ament_index/resource_index/package_run_dependencies/follow_me
-- Installing: /workspace/ros_ws/install/follow_me/share/ament_index/resource_index/parent_prefix_path/follow_me
-- Installing: /workspace/ros_ws/install/follow_me/share/follow_me/environment/ament_prefix_path.sh
-- Installing: /workspace/ros_ws/install/follow_me/share/follow_me/environment/ament_prefix_path.dsv
-- Installing: /workspace/ros_ws/install/follow_me/share/follow_me/environment/path.sh
-- Installing: /workspace/ros_ws/install/follow_me/share/follow_me/environment/path.dsv
-- Installing: /workspace/ros_ws/install/follow_me/share/follow_me/local_setup.bash
-- Installing: /workspace/ros_ws/install/follow_me/share/follow_me/local_setup.fish
-- Installing: /workspace/ros_ws/install/follow_me/share/follow_me/local_setup.sh
-- Installing: /workspace/ros_ws/install/follow_me/share/follow_me/local_setup.zsh
-- Installing: /workspace/ros_ws/install/follow_me/share/follow_me/local_setup.dsv
-- Installing: /workspace/ros_ws/install/follow_me/share/follow_me/package.dsv
-- Installing: /workspace/ros_ws/install/follow_me/share/ament_index/resource_index/packages/follow_me
-- Installing: /workspace/ros_ws/install/follow_me/share/follow_me/cmake/follow_meConfig.cmake
-- Installing: /workspace/ros_ws/install/follow_me/share/follow_me/cmake/follow_meConfig-version.cmake
-- Installing: /workspace/ros_ws/install/follow_me/share/follow_me/package.xml
