[0.008s] Invoking command in '/workspace/ros_ws/build/follow_me': CMAKE_PREFIX_PATH=${CMAKE_PREFIX_PATH}:/opt/ros/lyrical /usr/bin/cmake /workspace/ros_ws/src/follow_me -DCMAKE_INSTALL_PREFIX=/workspace/ros_ws/install/follow_me
[0.046s] -- The C compiler identification is GNU 15.2.0
[0.089s] -- The CXX compiler identification is GNU 15.2.0
[0.094s] -- Detecting C compiler ABI info
[0.144s] -- Detecting C compiler ABI info - done
[0.154s] -- Check for working C compiler: /usr/bin/cc - skipped
[0.155s] -- Detecting C compile features
[0.155s] -- Detecting C compile features - done
[0.162s] -- Detecting CXX compiler ABI info
[0.217s] -- Detecting CXX compiler ABI info - done
[0.228s] -- Check for working CXX compiler: /usr/bin/c++ - skipped
[0.228s] -- Detecting CXX compile features
[0.228s] -- Detecting CXX compile features - done
[0.233s] -- Found ament_cmake: 2.8.7 (/opt/ros/lyrical/share/ament_cmake/cmake)
[0.418s] -- Found ament_lint_auto: 0.20.6 (/opt/ros/lyrical/share/ament_lint_auto/cmake)
[0.502s] -- Added test 'lint_cmake' to check CMake code style
[0.502s] -- Added test 'xmllint' to check XML markup files
[0.503s] -- Configuring done (0.5s)
[0.506s] -- Generating done (0.0s)
[0.507s] -- Build files have been written to: /workspace/ros_ws/build/follow_me
[0.510s] Invoked command in '/workspace/ros_ws/build/follow_me' returned '0': CMAKE_PREFIX_PATH=${CMAKE_PREFIX_PATH}:/opt/ros/lyrical /usr/bin/cmake /workspace/ros_ws/src/follow_me -DCMAKE_INSTALL_PREFIX=/workspace/ros_ws/install/follow_me
[0.511s] Invoking command in '/workspace/ros_ws/build/follow_me': CMAKE_PREFIX_PATH=${CMAKE_PREFIX_PATH}:/opt/ros/lyrical /usr/bin/cmake --build /workspace/ros_ws/build/follow_me -- -j20 -l20
[0.535s] Invoked command in '/workspace/ros_ws/build/follow_me' returned '0': CMAKE_PREFIX_PATH=${CMAKE_PREFIX_PATH}:/opt/ros/lyrical /usr/bin/cmake --build /workspace/ros_ws/build/follow_me -- -j20 -l20
[0.541s] Invoking command in '/workspace/ros_ws/build/follow_me': CMAKE_PREFIX_PATH=${CMAKE_PREFIX_PATH}:/opt/ros/lyrical /usr/bin/cmake --install /workspace/ros_ws/build/follow_me
[0.546s] -- Install configuration: ""
[0.546s] -- Installing: /workspace/ros_ws/install/follow_me/share/ament_index/resource_index/package_run_dependencies/follow_me
[0.546s] -- Installing: /workspace/ros_ws/install/follow_me/share/ament_index/resource_index/parent_prefix_path/follow_me
[0.546s] -- Installing: /workspace/ros_ws/install/follow_me/share/follow_me/environment/ament_prefix_path.sh
[0.546s] -- Installing: /workspace/ros_ws/install/follow_me/share/follow_me/environment/ament_prefix_path.dsv
[0.546s] -- Installing: /workspace/ros_ws/install/follow_me/share/follow_me/environment/path.sh
[0.546s] -- Installing: /workspace/ros_ws/install/follow_me/share/follow_me/environment/path.dsv
[0.546s] -- Installing: /workspace/ros_ws/install/follow_me/share/follow_me/local_setup.bash
[0.546s] -- Installing: /workspace/ros_ws/install/follow_me/share/follow_me/local_setup.fish
[0.546s] -- Installing: /workspace/ros_ws/install/follow_me/share/follow_me/local_setup.sh
[0.546s] -- Installing: /workspace/ros_ws/install/follow_me/share/follow_me/local_setup.zsh
[0.546s] -- Installing: /workspace/ros_ws/install/follow_me/share/follow_me/local_setup.dsv
[0.547s] -- Installing: /workspace/ros_ws/install/follow_me/share/follow_me/package.dsv
[0.547s] -- Installing: /workspace/ros_ws/install/follow_me/share/ament_index/resource_index/packages/follow_me
[0.547s] -- Installing: /workspace/ros_ws/install/follow_me/share/follow_me/cmake/follow_meConfig.cmake
[0.547s] -- Installing: /workspace/ros_ws/install/follow_me/share/follow_me/cmake/follow_meConfig-version.cmake
[0.547s] -- Installing: /workspace/ros_ws/install/follow_me/share/follow_me/package.xml
[0.548s] Invoked command in '/workspace/ros_ws/build/follow_me' returned '0': CMAKE_PREFIX_PATH=${CMAKE_PREFIX_PATH}:/opt/ros/lyrical /usr/bin/cmake --install /workspace/ros_ws/build/follow_me
